// Jest Snapshot v1, https://goo.gl/fbAQLP

exports[`matches snapshot 1`] = `
<form
  className="Form-sc-1ufwmkm-0 etyVqS"
  id="converter"
>
  <label
    className="Label-sc-p42w1g-0 jPAJlC"
    htmlFor="number"
  >
    Number
  </label>
  <input
    className="Input-sc-1qsdt6o-0 gKPVqn"
    id="number"
    onChange={[Function]}
    placeholder="Input here..."
    type="text"
    value="13"
  />
  <label
    className="Label-sc-p42w1g-0 jPAJlC"
    htmlFor="frombase"
  >
    From
  </label>
  <select
    aria-label="Select number base to convert from"
    className="Select-sc-31pzb-0 cuqxij"
    defaultValue={10}
    id="frombase"
    onChange={[Function]}
  >
    <option
      id={2}
      value={2}
    >
      Binary [base-2]
    </option>
    <option
      id={8}
      value={8}
    >
      Octal [base-8]
    </option>
    <option
      id={10}
      value={10}
    >
      Decimal [base-10]
    </option>
    <option
      id={16}
      value={16}
    >
      Hexadecimal [base-16]
    </option>
  </select>
  <label
    className="Label-sc-p42w1g-0 jPAJlC"
    htmlFor="tobase"
  >
    To
  </label>
  <select
    aria-label="Select number base to convert to"
    className="Select-sc-31pzb-0 cuqxij"
    defaultValue={2}
    id="tobase"
    onChange={[Function]}
  >
    <option
      id={2}
      value={2}
    >
      Binary [base-2]
    </option>
    <option
      id={8}
      value={8}
    >
      Octal [base-8]
    </option>
    <option
      id={10}
      value={10}
    >
      Decimal [base-10]
    </option>
    <option
      id={16}
      value={16}
    >
      Hexadecimal [base-16]
    </option>
  </select>
  <label
    className="Label-sc-p42w1g-0 jPAJlC"
    htmlFor="result"
  >
    Result
  </label>
  <input
    className="Input-sc-1qsdt6o-0 gKPVqn"
    disabled={true}
    id="result"
    type="text"
    value="1101"
  />
</form>
`;
